#
# There is insufficient memory for the Java Runtime Environment to continue.
# Native memory allocation (malloc) failed to allocate 973776 bytes for Chunk::new
# Possible reasons:
#   The system is out of physical RAM or swap space
#   The process is running with CompressedOops enabled, and the Java Heap may be blocking the growth of the native heap
# Possible solutions:
#   Reduce memory load on the system
#   Increase physical memory or swap space
#   Check if swap backing store is full
#   Decrease Java heap size (-Xmx/-Xms)
#   Decrease number of Java threads
#   Decrease Java thread stack sizes (-Xss)
#   Set larger code cache with -XX:ReservedCodeCacheSize=
#   JVM is running with Unscaled Compressed Oops mode in which the Java heap is
#     placed in the first 4GB address space. The Java Heap base address is the
#     maximum limit for the native heap growth. Please use -XX:HeapBaseMinAddress
#     to set the Java Heap base and to place the Java Heap above 4GB virtual address.
# This output file may be truncated or incomplete.
#
#  Out of Memory Error (arena.cpp:189), pid=10852, tid=10824
#
# JRE version: OpenJDK Runtime Environment Microsoft-8035246 (17.0.8+7) (build 17.0.8+7-LTS)
# Java VM: OpenJDK 64-Bit Server VM Microsoft-8035246 (17.0.8+7-LTS, mixed mode, sharing, tiered, compressed oops, compressed class ptrs, g1 gc, windows-amd64)
# No core dump will be written. Minidumps are not enabled by default on client versions of Windows
#

---------------  S U M M A R Y ------------

Command Line: -Dfile.encoding=UTF-8 C:\Users\Usuario\AppData\Local\Temp\surefire1386644544663561595\surefirebooter11494124010578278805.jar C:\Users\Usuario\AppData\Local\Temp\surefire1386644544663561595 2023-10-21T19-59-38_911-jvmRun1 surefire17328904609791536174tmp surefire_01622208209292268161tmp

Host: 11th Gen Intel(R) Core(TM) i3-1115G4 @ 3.00GHz, 4 cores, 7G,  Windows 11 , 64 bit Build 22621 (10.0.22621.2428)
Time: Sat Oct 21 19:59:41 2023 Hora de verano de Paraguay elapsed time: 1.915195 seconds (0d 0h 0m 1s)

---------------  T H R E A D  ---------------

Current thread (0x000001fbac9a11b0):  JavaThread "C2 CompilerThread0" daemon [_thread_in_native, id=10824, stack(0x000000a9cda00000,0x000000a9cdb00000)]


Current CompileTask:
C2:   1915 2227   !   4       jdk.internal.loader.BuiltinClassLoader::loadClassOrNull (143 bytes)

Stack: [0x000000a9cda00000,0x000000a9cdb00000]
Native frames: (J=compiled Java code, j=interpreted, Vv=VM code, C=native code)
V  [jvm.dll+0x67bf3a]
V  [jvm.dll+0x83a024]
V  [jvm.dll+0x83b7ce]
V  [jvm.dll+0x83be33]
V  [jvm.dll+0x24785f]
V  [jvm.dll+0xac3bc]
V  [jvm.dll+0xac98c]
V  [jvm.dll+0x2af19f]
V  [jvm.dll+0x584667]
V  [jvm.dll+0x222a82]
V  [jvm.dll+0x222e5f]
V  [jvm.dll+0x21bf4f]
V  [jvm.dll+0x21944b]
V  [jvm.dll+0x1a56b6]
V  [jvm.dll+0x2291ea]
V  [jvm.dll+0x22724c]
V  [jvm.dll+0x7efd0c]
V  [jvm.dll+0x7ea13a]
V  [jvm.dll+0x67ad85]
C  [ucrtbase.dll+0x29363]
C  [KERNEL32.DLL+0x1257d]
C  [ntdll.dll+0x5aa78]


---------------  P R O C E S S  ---------------

Threads class SMR info:
_java_thread_list=0x000001fbf3356580, length=16, elements={
0x000001fb8eff49d0, 0x000001fbac9874b0, 0x000001fbac988070, 0x000001fbac99a5b0,
0x000001fbac99d080, 0x000001fbac99fa50, 0x000001fbac9a0410, 0x000001fbac9a11b0,
0x000001fbac9b0980, 0x000001fbac9c0f70, 0x000001fbacc090a0, 0x000001fbacc13c50,
0x000001fbacc4bc40, 0x000001fbacd0b400, 0x000001fbacefd200, 0x000001fbf3b093b0
}

Java Threads: ( => current thread )
  0x000001fb8eff49d0 JavaThread "main" [_thread_in_vm, id=12044, stack(0x000000a9ccd00000,0x000000a9cce00000)]
  0x000001fbac9874b0 JavaThread "Reference Handler" daemon [_thread_blocked, id=13624, stack(0x000000a9cd400000,0x000000a9cd500000)]
  0x000001fbac988070 JavaThread "Finalizer" daemon [_thread_blocked, id=13656, stack(0x000000a9cd500000,0x000000a9cd600000)]
  0x000001fbac99a5b0 JavaThread "Signal Dispatcher" daemon [_thread_blocked, id=9032, stack(0x000000a9cd600000,0x000000a9cd700000)]
  0x000001fbac99d080 JavaThread "Attach Listener" daemon [_thread_blocked, id=8196, stack(0x000000a9cd700000,0x000000a9cd800000)]
  0x000001fbac99fa50 JavaThread "Service Thread" daemon [_thread_blocked, id=9956, stack(0x000000a9cd800000,0x000000a9cd900000)]
  0x000001fbac9a0410 JavaThread "Monitor Deflation Thread" daemon [_thread_blocked, id=4572, stack(0x000000a9cd900000,0x000000a9cda00000)]
=>0x000001fbac9a11b0 JavaThread "C2 CompilerThread0" daemon [_thread_in_native, id=10824, stack(0x000000a9cda00000,0x000000a9cdb00000)]
  0x000001fbac9b0980 JavaThread "C1 CompilerThread0" daemon [_thread_blocked, id=13724, stack(0x000000a9cdb00000,0x000000a9cdc00000)]
  0x000001fbac9c0f70 JavaThread "Sweeper thread" daemon [_thread_blocked, id=12112, stack(0x000000a9cdc00000,0x000000a9cdd00000)]
  0x000001fbacc090a0 JavaThread "Notification Thread" daemon [_thread_blocked, id=1136, stack(0x000000a9cdd00000,0x000000a9cde00000)]
  0x000001fbacc13c50 JavaThread "Common-Cleaner" daemon [_thread_blocked, id=13004, stack(0x000000a9cdf00000,0x000000a9ce000000)]
  0x000001fbacc4bc40 JavaThread "surefire-forkedjvm-command-thread" daemon [_thread_in_native, id=6868, stack(0x000000a9ce000000,0x000000a9ce100000)]
  0x000001fbacd0b400 JavaThread "surefire-forkedjvm-ping-30s" daemon [_thread_in_native, id=2452, stack(0x000000a9ce100000,0x000000a9ce200000)]
  0x000001fbacefd200 JavaThread "C2 CompilerThread1" daemon [_thread_blocked, id=8808, stack(0x000000a9ce200000,0x000000a9ce300000)]
  0x000001fbf3b093b0 JavaThread "background-preinit" [_thread_in_Java, id=7268, stack(0x000000a9ce700000,0x000000a9ce800000)]

Other Threads:
  0x000001fbac982a00 VMThread "VM Thread" [stack: 0x000000a9cd300000,0x000000a9cd400000] [id=11296]
  0x000001fbacc0b590 WatcherThread [stack: 0x000000a9cde00000,0x000000a9cdf00000] [id=12928]
  0x000001fb8f04d400 GCTaskThread "GC Thread#0" [stack: 0x000000a9cce00000,0x000000a9ccf00000] [id=6300]
  0x000001fbf2116080 GCTaskThread "GC Thread#1" [stack: 0x000000a9ce300000,0x000000a9ce400000] [id=4576]
  0x000001fbf20ea0e0 GCTaskThread "GC Thread#2" [stack: 0x000000a9ce400000,0x000000a9ce500000] [id=52]
  0x000001fbf2069f10 GCTaskThread "GC Thread#3" [stack: 0x000000a9ce500000,0x000000a9ce600000] [id=13184]
  0x000001fb8f05ebe0 ConcurrentGCThread "G1 Main Marker" [stack: 0x000000a9ccf00000,0x000000a9cd000000] [id=13176]
  0x000001fb8f05f5f0 ConcurrentGCThread "G1 Conc#0" [stack: 0x000000a9cd000000,0x000000a9cd100000] [id=8824]
  0x000001fb8f0ae260 ConcurrentGCThread "G1 Refine#0" [stack: 0x000000a9cd100000,0x000000a9cd200000] [id=6032]
  0x000001fbacf38cd0 ConcurrentGCThread "G1 Refine#1" [stack: 0x000000a9ce600000,0x000000a9ce700000] [id=13924]
  0x000001fb8f0aec90 ConcurrentGCThread "G1 Service" [stack: 0x000000a9cd200000,0x000000a9cd300000] [id=2064]

Threads with active compile tasks:
C2 CompilerThread0     1935 2227   !   4       jdk.internal.loader.BuiltinClassLoader::loadClassOrNull (143 bytes)

VM state: not at safepoint (normal execution)

VM Mutex/Monitor currently owned by a thread: None

Heap address: 0x0000000083c00000, size: 1988 MB, Compressed Oops mode: 32-bit

CDS archive(s) mapped at: [0x000001fbad000000-0x000001fbadbd0000-0x000001fbadbd0000), size 12386304, SharedBaseAddress: 0x000001fbad000000, ArchiveRelocationMode: 1.
Compressed class space mapped at: 0x000001fbae000000-0x000001fbee000000, reserved size: 1073741824
Narrow klass base: 0x000001fbad000000, Narrow klass shift: 0, Narrow klass range: 0x100000000

GC Precious Log:
 CPUs: 4 total, 4 available
 Memory: 7948M
 Large Page Support: Disabled
 NUMA Support: Disabled
 Compressed Oops: Enabled (32-bit)
 Heap Region Size: 1M
 Heap Min Capacity: 8M
 Heap Initial Capacity: 126M
 Heap Max Capacity: 1988M
 Pre-touch: Disabled
 Parallel Workers: 4
 Concurrent Workers: 1
 Concurrent Refinement Workers: 4
 Periodic GC: Disabled

Heap:
 garbage-first heap   total 129024K, used 60227K [0x0000000083c00000, 0x0000000100000000)
  region size 1024K, 50 young (51200K), 2 survivors (2048K)
 Metaspace       used 18272K, committed 18496K, reserved 1114112K
  class space    used 2410K, committed 2496K, reserved 1048576K

Heap Regions: E=young(eden), S=young(survivor), O=old, HS=humongous(starts), HC=humongous(continues), CS=collection set, F=free, OA=open archive, CA=closed archive, TAMS=top-at-mark-start (previous, next)
|   0|0x0000000083c00000, 0x0000000083d00000, 0x0000000083d00000|100%|HS|  |TAMS 0x0000000083c00000, 0x0000000083c00000| Complete 
|   1|0x0000000083d00000, 0x0000000083e00000, 0x0000000083e00000|100%| O|  |TAMS 0x0000000083d00000, 0x0000000083d00000| Untracked 
|   2|0x0000000083e00000, 0x0000000083f00000, 0x0000000083f00000|100%| O|  |TAMS 0x0000000083e00000, 0x0000000083e00000| Untracked 
|   3|0x0000000083f00000, 0x0000000084000000, 0x0000000084000000|100%| O|  |TAMS 0x0000000083f00000, 0x0000000083f00000| Untracked 
|   4|0x0000000084000000, 0x0000000084100000, 0x0000000084100000|100%| O|  |TAMS 0x0000000084000000, 0x0000000084000000| Untracked 
|   5|0x0000000084100000, 0x0000000084200000, 0x0000000084200000|100%| O|  |TAMS 0x0000000084100000, 0x0000000084100000| Untracked 
|   6|0x0000000084200000, 0x0000000084300000, 0x0000000084300000|100%| O|  |TAMS 0x0000000084200000, 0x0000000084200000| Untracked 
|   7|0x0000000084300000, 0x0000000084400000, 0x0000000084400000|100%| O|  |TAMS 0x0000000084300000, 0x0000000084300000| Untracked 
|   8|0x0000000084400000, 0x0000000084500000, 0x0000000084500000|100%| O|  |TAMS 0x0000000084400000, 0x0000000084400000| Untracked 
|   9|0x0000000084500000, 0x0000000084600000, 0x0000000084600000|100%| O|  |TAMS 0x0000000084500000, 0x0000000084500000| Untracked 
|  10|0x0000000084600000, 0x0000000084700000, 0x0000000084700000|100%| O|  |TAMS 0x0000000084600000, 0x0000000084600000| Untracked 
|  11|0x0000000084700000, 0x0000000084790200, 0x0000000084800000| 56%| O|  |TAMS 0x0000000084700000, 0x0000000084700000| Untracked 
|  12|0x0000000084800000, 0x0000000084800000, 0x0000000084900000|  0%| F|  |TAMS 0x0000000084800000, 0x0000000084800000| Untracked 
|  13|0x0000000084900000, 0x0000000084900000, 0x0000000084a00000|  0%| F|  |TAMS 0x0000000084900000, 0x0000000084900000| Untracked 
|  14|0x0000000084a00000, 0x0000000084a00000, 0x0000000084b00000|  0%| F|  |TAMS 0x0000000084a00000, 0x0000000084a00000| Untracked 
|  15|0x0000000084b00000, 0x0000000084b00000, 0x0000000084c00000|  0%| F|  |TAMS 0x0000000084b00000, 0x0000000084b00000| Untracked 
|  16|0x0000000084c00000, 0x0000000084c00000, 0x0000000084d00000|  0%| F|  |TAMS 0x0000000084c00000, 0x0000000084c00000| Untracked 
|  17|0x0000000084d00000, 0x0000000084d00000, 0x0000000084e00000|  0%| F|  |TAMS 0x0000000084d00000, 0x0000000084d00000| Untracked 
|  18|0x0000000084e00000, 0x0000000084e00000, 0x0000000084f00000|  0%| F|  |TAMS 0x0000000084e00000, 0x0000000084e00000| Untracked 
|  19|0x0000000084f00000, 0x0000000084f00000, 0x0000000085000000|  0%| F|  |TAMS 0x0000000084f00000, 0x0000000084f00000| Untracked 
|  20|0x0000000085000000, 0x0000000085000000, 0x0000000085100000|  0%| F|  |TAMS 0x0000000085000000, 0x0000000085000000| Untracked 
|  21|0x0000000085100000, 0x0000000085100000, 0x0000000085200000|  0%| F|  |TAMS 0x0000000085100000, 0x0000000085100000| Untracked 
|  22|0x0000000085200000, 0x0000000085200000, 0x0000000085300000|  0%| F|  |TAMS 0x0000000085200000, 0x0000000085200000| Untracked 
|  23|0x0000000085300000, 0x0000000085300000, 0x0000000085400000|  0%| F|  |TAMS 0x0000000085300000, 0x0000000085300000| Untracked 
|  24|0x0000000085400000, 0x0000000085400000, 0x0000000085500000|  0%| F|  |TAMS 0x0000000085400000, 0x0000000085400000| Untracked 
|  25|0x0000000085500000, 0x0000000085500000, 0x0000000085600000|  0%| F|  |TAMS 0x0000000085500000, 0x0000000085500000| Untracked 
|  26|0x0000000085600000, 0x0000000085600000, 0x0000000085700000|  0%| F|  |TAMS 0x0000000085600000, 0x0000000085600000| Untracked 
|  27|0x0000000085700000, 0x0000000085700000, 0x0000000085800000|  0%| F|  |TAMS 0x0000000085700000, 0x0000000085700000| Untracked 
|  28|0x0000000085800000, 0x0000000085800000, 0x0000000085900000|  0%| F|  |TAMS 0x0000000085800000, 0x0000000085800000| Untracked 
|  29|0x0000000085900000, 0x0000000085900000, 0x0000000085a00000|  0%| F|  |TAMS 0x0000000085900000, 0x0000000085900000| Untracked 
|  30|0x0000000085a00000, 0x0000000085a00000, 0x0000000085b00000|  0%| F|  |TAMS 0x0000000085a00000, 0x0000000085a00000| Untracked 
|  31|0x0000000085b00000, 0x0000000085b00000, 0x0000000085c00000|  0%| F|  |TAMS 0x0000000085b00000, 0x0000000085b00000| Untracked 
|  32|0x0000000085c00000, 0x0000000085c00000, 0x0000000085d00000|  0%| F|  |TAMS 0x0000000085c00000, 0x0000000085c00000| Untracked 
|  33|0x0000000085d00000, 0x0000000085d00000, 0x0000000085e00000|  0%| F|  |TAMS 0x0000000085d00000, 0x0000000085d00000| Untracked 
|  34|0x0000000085e00000, 0x0000000085e00000, 0x0000000085f00000|  0%| F|  |TAMS 0x0000000085e00000, 0x0000000085e00000| Untracked 
|  35|0x0000000085f00000, 0x0000000085f00000, 0x0000000086000000|  0%| F|  |TAMS 0x0000000085f00000, 0x0000000085f00000| Untracked 
|  36|0x0000000086000000, 0x0000000086000000, 0x0000000086100000|  0%| F|  |TAMS 0x0000000086000000, 0x0000000086000000| Untracked 
|  37|0x0000000086100000, 0x0000000086100000, 0x0000000086200000|  0%| F|  |TAMS 0x0000000086100000, 0x0000000086100000| Untracked 
|  38|0x0000000086200000, 0x0000000086200000, 0x0000000086300000|  0%| F|  |TAMS 0x0000000086200000, 0x0000000086200000| Untracked 
|  39|0x0000000086300000, 0x0000000086300000, 0x0000000086400000|  0%| F|  |TAMS 0x0000000086300000, 0x0000000086300000| Untracked 
|  40|0x0000000086400000, 0x0000000086400000, 0x0000000086500000|  0%| F|  |TAMS 0x0000000086400000, 0x0000000086400000| Untracked 
|  41|0x0000000086500000, 0x0000000086500000, 0x0000000086600000|  0%| F|  |TAMS 0x0000000086500000, 0x0000000086500000| Untracked 
|  42|0x0000000086600000, 0x0000000086600000, 0x0000000086700000|  0%| F|  |TAMS 0x0000000086600000, 0x0000000086600000| Untracked 
|  43|0x0000000086700000, 0x0000000086700000, 0x0000000086800000|  0%| F|  |TAMS 0x0000000086700000, 0x0000000086700000| Untracked 
|  44|0x0000000086800000, 0x0000000086800000, 0x0000000086900000|  0%| F|  |TAMS 0x0000000086800000, 0x0000000086800000| Untracked 
|  45|0x0000000086900000, 0x0000000086900000, 0x0000000086a00000|  0%| F|  |TAMS 0x0000000086900000, 0x0000000086900000| Untracked 
|  46|0x0000000086a00000, 0x0000000086a00000, 0x0000000086b00000|  0%| F|  |TAMS 0x0000000086a00000, 0x0000000086a00000| Untracked 
|  47|0x0000000086b00000, 0x0000000086b00000, 0x0000000086c00000|  0%| F|  |TAMS 0x0000000086b00000, 0x0000000086b00000| Untracked 
|  48|0x0000000086c00000, 0x0000000086c00000, 0x0000000086d00000|  0%| F|  |TAMS 0x0000000086c00000, 0x0000000086c00000| Untracked 
|  49|0x0000000086d00000, 0x0000000086d00000, 0x0000000086e00000|  0%| F|  |TAMS 0x0000000086d00000, 0x0000000086d00000| Untracked 
|  50|0x0000000086e00000, 0x0000000086e00000, 0x0000000086f00000|  0%| F|  |TAMS 0x0000000086e00000, 0x0000000086e00000| Untracked 
|  51|0x0000000086f00000, 0x0000000086f00000, 0x0000000087000000|  0%| F|  |TAMS 0x0000000086f00000, 0x0000000086f00000| Untracked 
|  52|0x0000000087000000, 0x0000000087000000, 0x0000000087100000|  0%| F|  |TAMS 0x0000000087000000, 0x0000000087000000| Untracked 
|  53|0x0000000087100000, 0x0000000087100000, 0x0000000087200000|  0%| F|  |TAMS 0x0000000087100000, 0x0000000087100000| Untracked 
|  54|0x0000000087200000, 0x0000000087200000, 0x0000000087300000|  0%| F|  |TAMS 0x0000000087200000, 0x0000000087200000| Untracked 
|  55|0x0000000087300000, 0x0000000087300000, 0x0000000087400000|  0%| F|  |TAMS 0x0000000087300000, 0x0000000087300000| Untracked 
|  56|0x0000000087400000, 0x0000000087400000, 0x0000000087500000|  0%| F|  |TAMS 0x0000000087400000, 0x0000000087400000| Untracked 
|  57|0x0000000087500000, 0x0000000087500000, 0x0000000087600000|  0%| F|  |TAMS 0x0000000087500000, 0x0000000087500000| Untracked 
|  58|0x0000000087600000, 0x0000000087600000, 0x0000000087700000|  0%| F|  |TAMS 0x0000000087600000, 0x0000000087600000| Untracked 
|  59|0x0000000087700000, 0x0000000087700000, 0x0000000087800000|  0%| F|  |TAMS 0x0000000087700000, 0x0000000087700000| Untracked 
|  60|0x0000000087800000, 0x0000000087800000, 0x0000000087900000|  0%| F|  |TAMS 0x0000000087800000, 0x0000000087800000| Untracked 
|  61|0x0000000087900000, 0x0000000087900000, 0x0000000087a00000|  0%| F|  |TAMS 0x0000000087900000, 0x0000000087900000| Untracked 
|  62|0x0000000087a00000, 0x0000000087a00000, 0x0000000087b00000|  0%| F|  |TAMS 0x0000000087a00000, 0x0000000087a00000| Untracked 
|  63|0x0000000087b00000, 0x0000000087b00000, 0x0000000087c00000|  0%| F|  |TAMS 0x0000000087b00000, 0x0000000087b00000| Untracked 
|  64|0x0000000087c00000, 0x0000000087c00000, 0x0000000087d00000|  0%| F|  |TAMS 0x0000000087c00000, 0x0000000087c00000| Untracked 
|  65|0x0000000087d00000, 0x0000000087d00000, 0x0000000087e00000|  0%| F|  |TAMS 0x0000000087d00000, 0x0000000087d00000| Untracked 
|  66|0x0000000087e00000, 0x0000000087e00000, 0x0000000087f00000|  0%| F|  |TAMS 0x0000000087e00000, 0x0000000087e00000| Untracked 
|  67|0x0000000087f00000, 0x0000000087f00000, 0x0000000088000000|  0%| F|  |TAMS 0x0000000087f00000, 0x0000000087f00000| Untracked 
|  68|0x0000000088000000, 0x0000000088000000, 0x0000000088100000|  0%| F|  |TAMS 0x0000000088000000, 0x0000000088000000| Untracked 
|  69|0x0000000088100000, 0x0000000088100000, 0x0000000088200000|  0%| F|  |TAMS 0x0000000088100000, 0x0000000088100000| Untracked 
|  70|0x0000000088200000, 0x0000000088200000, 0x0000000088300000|  0%| F|  |TAMS 0x0000000088200000, 0x0000000088200000| Untracked 
|  71|0x0000000088300000, 0x0000000088300000, 0x0000000088400000|  0%| F|  |TAMS 0x0000000088300000, 0x0000000088300000| Untracked 
|  72|0x0000000088400000, 0x0000000088400000, 0x0000000088500000|  0%| F|  |TAMS 0x0000000088400000, 0x0000000088400000| Untracked 
|  73|0x0000000088500000, 0x0000000088500000, 0x0000000088600000|  0%| F|  |TAMS 0x0000000088500000, 0x0000000088500000| Untracked 
|  74|0x0000000088600000, 0x0000000088600000, 0x0000000088700000|  0%| F|  |TAMS 0x0000000088600000, 0x0000000088600000| Untracked 
|  75|0x0000000088700000, 0x0000000088700000, 0x0000000088800000|  0%| F|  |TAMS 0x0000000088700000, 0x0000000088700000| Untracked 
|  76|0x0000000088800000, 0x00000000888fab40, 0x0000000088900000| 97%| E|  |TAMS 0x0000000088800000, 0x0000000088800000| Complete 
|  77|0x0000000088900000, 0x0000000088a00000, 0x0000000088a00000|100%| E|CS|TAMS 0x0000000088900000, 0x0000000088900000| Complete 
|  78|0x0000000088a00000, 0x0000000088b00000, 0x0000000088b00000|100%| E|CS|TAMS 0x0000000088a00000, 0x0000000088a00000| Complete 
|  79|0x0000000088b00000, 0x0000000088c00000, 0x0000000088c00000|100%| E|  |TAMS 0x0000000088b00000, 0x0000000088b00000| Complete 
|  80|0x0000000088c00000, 0x0000000088d00000, 0x0000000088d00000|100%| E|CS|TAMS 0x0000000088c00000, 0x0000000088c00000| Complete 
|  81|0x0000000088d00000, 0x0000000088e00000, 0x0000000088e00000|100%| E|CS|TAMS 0x0000000088d00000, 0x0000000088d00000| Complete 
|  82|0x0000000088e00000, 0x0000000088f00000, 0x0000000088f00000|100%| E|CS|TAMS 0x0000000088e00000, 0x0000000088e00000| Complete 
|  83|0x0000000088f00000, 0x0000000089000000, 0x0000000089000000|100%| E|CS|TAMS 0x0000000088f00000, 0x0000000088f00000| Complete 
|  84|0x0000000089000000, 0x0000000089100000, 0x0000000089100000|100%| E|CS|TAMS 0x0000000089000000, 0x0000000089000000| Complete 
|  85|0x0000000089100000, 0x0000000089200000, 0x0000000089200000|100%| E|CS|TAMS 0x0000000089100000, 0x0000000089100000| Complete 
|  86|0x0000000089200000, 0x0000000089300000, 0x0000000089300000|100%| E|CS|TAMS 0x0000000089200000, 0x0000000089200000| Complete 
|  87|0x0000000089300000, 0x0000000089400000, 0x0000000089400000|100%| E|CS|TAMS 0x0000000089300000, 0x0000000089300000| Complete 
|  88|0x0000000089400000, 0x0000000089500000, 0x0000000089500000|100%| E|CS|TAMS 0x0000000089400000, 0x0000000089400000| Complete 
|  89|0x0000000089500000, 0x0000000089600000, 0x0000000089600000|100%| E|CS|TAMS 0x0000000089500000, 0x0000000089500000| Complete 
|  90|0x0000000089600000, 0x0000000089700000, 0x0000000089700000|100%| E|CS|TAMS 0x0000000089600000, 0x0000000089600000| Complete 
|  91|0x0000000089700000, 0x0000000089800000, 0x0000000089800000|100%| E|CS|TAMS 0x0000000089700000, 0x0000000089700000| Complete 
|  92|0x0000000089800000, 0x0000000089900000, 0x0000000089900000|100%| E|CS|TAMS 0x0000000089800000, 0x0000000089800000| Complete 
|  93|0x0000000089900000, 0x0000000089a00000, 0x0000000089a00000|100%| E|CS|TAMS 0x0000000089900000, 0x0000000089900000| Complete 
|  94|0x0000000089a00000, 0x0000000089b00000, 0x0000000089b00000|100%| E|CS|TAMS 0x0000000089a00000, 0x0000000089a00000| Complete 
|  95|0x0000000089b00000, 0x0000000089c00000, 0x0000000089c00000|100%| E|CS|TAMS 0x0000000089b00000, 0x0000000089b00000| Complete 
|  96|0x0000000089c00000, 0x0000000089d00000, 0x0000000089d00000|100%| E|CS|TAMS 0x0000000089c00000, 0x0000000089c00000| Complete 
|  97|0x0000000089d00000, 0x0000000089e00000, 0x0000000089e00000|100%| E|CS|TAMS 0x0000000089d00000, 0x0000000089d00000| Complete 
|  98|0x0000000089e00000, 0x0000000089f00000, 0x0000000089f00000|100%| E|CS|TAMS 0x0000000089e00000, 0x0000000089e00000| Complete 
|  99|0x0000000089f00000, 0x000000008a000000, 0x000000008a000000|100%| E|CS|TAMS 0x0000000089f00000, 0x0000000089f00000| Complete 
| 100|0x000000008a000000, 0x000000008a100000, 0x000000008a100000|100%| E|CS|TAMS 0x000000008a000000, 0x000000008a000000| Complete 
| 101|0x000000008a100000, 0x000000008a200000, 0x000000008a200000|100%| E|CS|TAMS 0x000000008a100000, 0x000000008a100000| Complete 
| 102|0x000000008a200000, 0x000000008a300000, 0x000000008a300000|100%| E|CS|TAMS 0x000000008a200000, 0x000000008a200000| Complete 
| 103|0x000000008a300000, 0x000000008a400000, 0x000000008a400000|100%| E|CS|TAMS 0x000000008a300000, 0x000000008a300000| Complete 
| 104|0x000000008a400000, 0x000000008a500000, 0x000000008a500000|100%| E|CS|TAMS 0x000000008a400000, 0x000000008a400000| Complete 
| 105|0x000000008a500000, 0x000000008a600000, 0x000000008a600000|100%| E|CS|TAMS 0x000000008a500000, 0x000000008a500000| Complete 
| 106|0x000000008a600000, 0x000000008a700000, 0x000000008a700000|100%| E|CS|TAMS 0x000000008a600000, 0x000000008a600000| Complete 
| 107|0x000000008a700000, 0x000000008a740a40, 0x000000008a800000| 25%| S|CS|TAMS 0x000000008a700000, 0x000000008a700000| Complete 
| 108|0x000000008a800000, 0x000000008a900000, 0x000000008a900000|100%| S|CS|TAMS 0x000000008a800000, 0x000000008a800000| Complete 
| 109|0x000000008a900000, 0x000000008aa00000, 0x000000008aa00000|100%| E|CS|TAMS 0x000000008a900000, 0x000000008a900000| Complete 
| 110|0x000000008aa00000, 0x000000008ab00000, 0x000000008ab00000|100%| E|CS|TAMS 0x000000008aa00000, 0x000000008aa00000| Complete 
| 111|0x000000008ab00000, 0x000000008ac00000, 0x000000008ac00000|100%| E|CS|TAMS 0x000000008ab00000, 0x000000008ab00000| Complete 
| 112|0x000000008ac00000, 0x000000008ad00000, 0x000000008ad00000|100%| E|CS|TAMS 0x000000008ac00000, 0x000000008ac00000| Complete 
| 113|0x000000008ad00000, 0x000000008ae00000, 0x000000008ae00000|100%| E|CS|TAMS 0x000000008ad00000, 0x000000008ad00000| Complete 
| 114|0x000000008ae00000, 0x000000008af00000, 0x000000008af00000|100%| E|CS|TAMS 0x000000008ae00000, 0x000000008ae00000| Complete 
| 115|0x000000008af00000, 0x000000008b000000, 0x000000008b000000|100%| E|CS|TAMS 0x000000008af00000, 0x000000008af00000| Complete 
| 116|0x000000008b000000, 0x000000008b100000, 0x000000008b100000|100%| E|CS|TAMS 0x000000008b000000, 0x000000008b000000| Complete 
| 117|0x000000008b100000, 0x000000008b200000, 0x000000008b200000|100%| E|CS|TAMS 0x000000008b100000, 0x000000008b100000| Complete 
| 118|0x000000008b200000, 0x000000008b300000, 0x000000008b300000|100%| E|CS|TAMS 0x000000008b200000, 0x000000008b200000| Complete 
| 119|0x000000008b300000, 0x000000008b400000, 0x000000008b400000|100%| E|CS|TAMS 0x000000008b300000, 0x000000008b300000| Complete 
| 120|0x000000008b400000, 0x000000008b500000, 0x000000008b500000|100%| E|CS|TAMS 0x000000008b400000, 0x000000008b400000| Complete 
| 121|0x000000008b500000, 0x000000008b600000, 0x000000008b600000|100%| E|CS|TAMS 0x000000008b500000, 0x000000008b500000| Complete 
| 122|0x000000008b600000, 0x000000008b700000, 0x000000008b700000|100%| E|CS|TAMS 0x000000008b600000, 0x000000008b600000| Complete 
| 123|0x000000008b700000, 0x000000008b800000, 0x000000008b800000|100%| E|CS|TAMS 0x000000008b700000, 0x000000008b700000| Complete 
| 124|0x000000008b800000, 0x000000008b900000, 0x000000008b900000|100%| E|CS|TAMS 0x000000008b800000, 0x000000008b800000| Complete 
| 125|0x000000008b900000, 0x000000008ba00000, 0x000000008ba00000|100%| E|CS|TAMS 0x000000008b900000, 0x000000008b900000| Complete 

Card table byte_map: [0x000001fba5ee0000,0x000001fba62d0000] _byte_map_base: 0x000001fba5ac2000

Marking Bits (Prev, Next): (CMBitMap*) 0x000001fb8f04ea30, (CMBitMap*) 0x000001fb8f04ea70
 Prev Bits: [0x000001fba66c0000, 0x000001fba85d0000)
 Next Bits: [0x000001fba85d0000, 0x000001fbaa4e0000)

Polling page: 0x000001fb8cec0000

Metaspace:

Usage:
  Non-class:     15.54 MB used.
      Class:      2.36 MB used.
       Both:     17.91 MB used.

Virtual space:
  Non-class space:       64.00 MB reserved,      15.69 MB ( 25%) committed,  1 nodes.
      Class space:        1.00 GB reserved,       2.44 MB ( <1%) committed,  1 nodes.
             Both:        1.06 GB reserved,      18.12 MB (  2%) committed. 

Chunk freelists:
   Non-Class:  16.00 KB
       Class:  13.56 MB
        Both:  13.58 MB

MaxMetaspaceSize: unlimited
CompressedClassSpaceSize: 1.00 GB
Initial GC threshold: 21.00 MB
Current GC threshold: 21.00 MB
CDS: on
MetaspaceReclaimPolicy: balanced
 - commit_granule_bytes: 65536.
 - commit_granule_words: 8192.
 - virtual_space_node_default_size: 8388608.
 - enlarge_chunks_in_place: 1.
 - new_chunks_are_fully_committed: 0.
 - uncommit_free_chunks: 1.
 - use_allocation_guard: 0.
 - handle_deallocations: 1.


Internal statistics:

num_allocs_failed_limit: 0.
num_arena_births: 226.
num_arena_deaths: 0.
num_vsnodes_births: 2.
num_vsnodes_deaths: 0.
num_space_committed: 290.
num_space_uncommitted: 0.
num_chunks_returned_to_freelist: 0.
num_chunks_taken_from_freelist: 843.
num_chunk_merges: 0.
num_chunk_splits: 568.
num_chunks_enlarged: 433.
num_inconsistent_stats: 0.

CodeHeap 'non-profiled nmethods': size=120000Kb used=1105Kb max_used=1105Kb free=118894Kb
 bounds [0x000001fb9e5c0000, 0x000001fb9e830000, 0x000001fba5af0000]
CodeHeap 'profiled nmethods': size=120000Kb used=4674Kb max_used=4674Kb free=115325Kb
 bounds [0x000001fb96af0000, 0x000001fb96f90000, 0x000001fb9e020000]
CodeHeap 'non-nmethods': size=5760Kb used=1207Kb max_used=1252Kb free=4552Kb
 bounds [0x000001fb9e020000, 0x000001fb9e290000, 0x000001fb9e5c0000]
 total_blobs=2803 nmethods=2310 adapters=405
 compilation: enabled
              stopped_count=0, restarted_count=0
 full_count=0

Compilation events (20 events):
Event: 1.887 Thread 0x000001fbac9b0980 2300       3       java.util.LinkedList$ListItr::hasNext (20 bytes)
Event: 1.887 Thread 0x000001fbac9b0980 nmethod 2300 0x000001fb96f7ba90 code [0x000001fb96f7bc20, 0x000001fb96f7bd98]
Event: 1.887 Thread 0x000001fbac9b0980 2299       3       org.codehaus.groovy.util.ReferenceType$SoftRef::<init> (12 bytes)
Event: 1.887 Thread 0x000001fbac9b0980 nmethod 2299 0x000001fb96f7be90 code [0x000001fb96f7c040, 0x000001fb96f7c3f8]
Event: 1.888 Thread 0x000001fbac9b0980 2301       3       java.lang.Class::copyMethods (36 bytes)
Event: 1.888 Thread 0x000001fbac9b0980 nmethod 2301 0x000001fb96f7c510 code [0x000001fb96f7c780, 0x000001fb96f7d258]
Event: 1.889 Thread 0x000001fbac9b0980 2302       3       java.util.LinkedHashMap$LinkedValues::toArray (16 bytes)
Event: 1.889 Thread 0x000001fbac9b0980 nmethod 2302 0x000001fb96f7d710 code [0x000001fb96f7d8c0, 0x000001fb96f7da38]
Event: 1.891 Thread 0x000001fbacefd200 2303       4       java.util.Collections::emptySet (4 bytes)
Event: 1.891 Thread 0x000001fbacefd200 nmethod 2303 0x000001fb9e6d3590 code [0x000001fb9e6d3700, 0x000001fb9e6d3758]
Event: 1.891 Thread 0x000001fbac9b0980 2304       1       java.lang.reflect.Method::getAnnotationBytes (5 bytes)
Event: 1.891 Thread 0x000001fbac9b0980 nmethod 2304 0x000001fb9e6d3890 code [0x000001fb9e6d3a20, 0x000001fb9e6d3af8]
Event: 1.892 Thread 0x000001fbac9b0980 2305       3       java.nio.ByteBuffer::<init> (47 bytes)
Event: 1.892 Thread 0x000001fbac9b0980 nmethod 2305 0x000001fb96f7db10 code [0x000001fb96f7dcc0, 0x000001fb96f7dee8]
Event: 1.895 Thread 0x000001fbacefd200 2306       4       java.lang.String::indexOf (113 bytes)
Event: 1.897 Thread 0x000001fbacefd200 nmethod 2306 0x000001fb9e6d3b90 code [0x000001fb9e6d3d20, 0x000001fb9e6d4058]
Event: 1.907 Thread 0x000001fbac9b0980 2307       3       java.util.concurrent.ConcurrentHashMap::get (162 bytes)
Event: 1.908 Thread 0x000001fbac9b0980 nmethod 2307 0x000001fb96f7e010 code [0x000001fb96f7e260, 0x000001fb96f7ed48]
Event: 1.908 Thread 0x000001fbac9b0980 2308       1       ch.qos.logback.classic.spi.LogbackServiceProvider::getLoggerFactory (5 bytes)
Event: 1.908 Thread 0x000001fbac9b0980 nmethod 2308 0x000001fb9e6d4290 code [0x000001fb9e6d4420, 0x000001fb9e6d44f8]

GC Heap History (6 events):
Event: 0.244 GC heap before
{Heap before GC invocations=0 (full 0):
 garbage-first heap   total 129024K, used 14336K [0x0000000083c00000, 0x0000000100000000)
  region size 1024K, 13 young (13312K), 0 survivors (0K)
 Metaspace       used 1947K, committed 2048K, reserved 1114112K
  class space    used 182K, committed 192K, reserved 1048576K
}
Event: 0.253 GC heap after
{Heap after GC invocations=1 (full 0):
 garbage-first heap   total 129024K, used 9400K [0x0000000083c00000, 0x0000000100000000)
  region size 1024K, 2 young (2048K), 2 survivors (2048K)
 Metaspace       used 1947K, committed 2048K, reserved 1114112K
  class space    used 182K, committed 192K, reserved 1048576K
}
Event: 0.438 GC heap before
{Heap before GC invocations=1 (full 0):
 garbage-first heap   total 129024K, used 16568K [0x0000000083c00000, 0x0000000100000000)
  region size 1024K, 10 young (10240K), 2 survivors (2048K)
 Metaspace       used 3700K, committed 3904K, reserved 1114112K
  class space    used 393K, committed 512K, reserved 1048576K
}
Event: 0.440 GC heap after
{Heap after GC invocations=2 (full 0):
 garbage-first heap   total 129024K, used 11959K [0x0000000083c00000, 0x0000000100000000)
  region size 1024K, 2 young (2048K), 2 survivors (2048K)
 Metaspace       used 3700K, committed 3904K, reserved 1114112K
  class space    used 393K, committed 512K, reserved 1048576K
}
Event: 0.769 GC heap before
{Heap before GC invocations=2 (full 0):
 garbage-first heap   total 129024K, used 27319K [0x0000000083c00000, 0x0000000100000000)
  region size 1024K, 17 young (17408K), 2 survivors (2048K)
 Metaspace       used 7969K, committed 8192K, reserved 1114112K
  class space    used 976K, committed 1088K, reserved 1048576K
}
Event: 0.772 GC heap after
{Heap after GC invocations=3 (full 0):
 garbage-first heap   total 129024K, used 13123K [0x0000000083c00000, 0x0000000100000000)
  region size 1024K, 2 young (2048K), 2 survivors (2048K)
 Metaspace       used 7969K, committed 8192K, reserved 1114112K
  class space    used 976K, committed 1088K, reserved 1048576K
}

Dll operation events (9 events):
Event: 0.007 Loaded shared library C:\Program Files\Java\jdk-17.0.8\bin\java.dll
Event: 0.029 Loaded shared library C:\Program Files\Java\jdk-17.0.8\bin\jsvml.dll
Event: 0.054 Loaded shared library C:\Program Files\Java\jdk-17.0.8\bin\net.dll
Event: 0.055 Loaded shared library C:\Program Files\Java\jdk-17.0.8\bin\nio.dll
Event: 0.058 Loaded shared library C:\Program Files\Java\jdk-17.0.8\bin\zip.dll
Event: 0.093 Loaded shared library C:\Program Files\Java\jdk-17.0.8\bin\management.dll
Event: 0.098 Loaded shared library C:\Program Files\Java\jdk-17.0.8\bin\management_ext.dll
Event: 0.121 Loaded shared library C:\Program Files\Java\jdk-17.0.8\bin\jimage.dll
Event: 0.152 Loaded shared library C:\Program Files\Java\jdk-17.0.8\bin\verify.dll

Deoptimization events (20 events):
Event: 1.846 Thread 0x000001fb8eff49d0 Uncommon trap: trap_request=0xffffffc6 fr.pc=0x000001fb9e6a4810 relative=0x00000000000004d0
Event: 1.846 Thread 0x000001fb8eff49d0 Uncommon trap: reason=bimorphic_or_optimized_type_check action=maybe_recompile pc=0x000001fb9e6a4810 method=java.util.HashMap.getNode(Ljava/lang/Object;)Ljava/util/HashMap$Node; @ 128 c2
Event: 1.846 Thread 0x000001fb8eff49d0 DEOPT PACKING pc=0x000001fb9e6a4810 sp=0x000000a9ccdfb400
Event: 1.846 Thread 0x000001fb8eff49d0 DEOPT UNPACKING pc=0x000001fb9e07a1a3 sp=0x000000a9ccdfb318 mode 2
Event: 1.849 Thread 0x000001fb8eff49d0 Uncommon trap: trap_request=0xffffffc6 fr.pc=0x000001fb9e6a4810 relative=0x00000000000004d0
Event: 1.849 Thread 0x000001fb8eff49d0 Uncommon trap: reason=bimorphic_or_optimized_type_check action=maybe_recompile pc=0x000001fb9e6a4810 method=java.util.HashMap.getNode(Ljava/lang/Object;)Ljava/util/HashMap$Node; @ 128 c2
Event: 1.849 Thread 0x000001fb8eff49d0 DEOPT PACKING pc=0x000001fb9e6a4810 sp=0x000000a9ccdfb3d0
Event: 1.849 Thread 0x000001fb8eff49d0 DEOPT UNPACKING pc=0x000001fb9e07a1a3 sp=0x000000a9ccdfb2d8 mode 2
Event: 1.849 Thread 0x000001fb8eff49d0 Uncommon trap: trap_request=0xffffffde fr.pc=0x000001fb9e622c80 relative=0x0000000000000440
Event: 1.849 Thread 0x000001fb8eff49d0 Uncommon trap: reason=class_check action=maybe_recompile pc=0x000001fb9e622c80 method=java.util.HashMap.getNode(Ljava/lang/Object;)Ljava/util/HashMap$Node; @ 128 c2
Event: 1.849 Thread 0x000001fb8eff49d0 DEOPT PACKING pc=0x000001fb9e622c80 sp=0x000000a9ccdfb340
Event: 1.849 Thread 0x000001fb8eff49d0 DEOPT UNPACKING pc=0x000001fb9e07a1a3 sp=0x000000a9ccdfb2c8 mode 2
Event: 1.879 Thread 0x000001fb8eff49d0 Uncommon trap: trap_request=0xffffff45 fr.pc=0x000001fb9e6a92ac relative=0x000000000000010c
Event: 1.879 Thread 0x000001fb8eff49d0 Uncommon trap: reason=unstable_if action=reinterpret pc=0x000001fb9e6a92ac method=java.util.Arrays.equals([Ljava/lang/Object;[Ljava/lang/Object;)Z @ 44 c2
Event: 1.879 Thread 0x000001fb8eff49d0 DEOPT PACKING pc=0x000001fb9e6a92ac sp=0x000000a9ccdfab70
Event: 1.879 Thread 0x000001fb8eff49d0 DEOPT UNPACKING pc=0x000001fb9e07a1a3 sp=0x000000a9ccdfab00 mode 2
Event: 1.886 Thread 0x000001fbf3b093b0 Uncommon trap: trap_request=0xffffff45 fr.pc=0x000001fb9e61b158 relative=0x0000000000000238
Event: 1.886 Thread 0x000001fbf3b093b0 Uncommon trap: reason=unstable_if action=reinterpret pc=0x000001fb9e61b158 method=java.util.concurrent.ConcurrentHashMap.get(Ljava/lang/Object;)Ljava/lang/Object; @ 76 c2
Event: 1.886 Thread 0x000001fbf3b093b0 DEOPT PACKING pc=0x000001fb9e61b158 sp=0x000000a9ce7fe0a0
Event: 1.886 Thread 0x000001fbf3b093b0 DEOPT UNPACKING pc=0x000001fb9e07a1a3 sp=0x000000a9ce7fe018 mode 2

Classes unloaded (0 events):
No events

Classes redefined (0 events):
No events

Internal exceptions (20 events):
Event: 1.025 Thread 0x000001fb8eff49d0 Exception <a 'java/lang/NoSuchMethodError'{0x000000008b0fe440}: 'int java.lang.invoke.DirectMethodHandle$Holder.invokeVirtual(java.lang.Object, java.lang.Object, java.lang.Object)'> (0x000000008b0fe440) 
thrown [s\src\hotspot\share\interpreter\linkResolver.cpp, line 759]
Event: 1.035 Thread 0x000001fb8eff49d0 Exception <a 'java/lang/NoSuchMethodError'{0x000000008af32b08}: 'java.lang.Object java.lang.invoke.DirectMethodHandle$Holder.newInvokeSpecial(java.lang.Object, java.lang.Object, java.lang.Object, java.lang.Object, java.lang.Object, java.lang.Object, java.lang.Object)'> (0x000000008af32b08) 
thrown [s\src\hotspot\share\interpreter\linkResolver.cpp, line 759]
Event: 1.035 Thread 0x000001fb8eff49d0 Exception <a 'java/lang/NoSuchMethodError'{0x000000008af376c0}: 'java.lang.Object java.lang.invoke.Invokers$Holder.linkToTargetMethod(java.lang.Object, java.lang.Object, java.lang.Object, java.lang.Object, java.lang.Object, java.lang.Object, java.lang.Object)'> (0x000000008af376c0) 
thrown [s\src\hotspot\share\interpreter\linkResolver.cpp, line 759]
Event: 1.037 Thread 0x000001fb8eff49d0 Exception <a 'java/lang/NoSuchMethodError'{0x000000008af488e8}: 'java.lang.Object java.lang.invoke.DirectMethodHandle$Holder.invokeInterface(java.lang.Object, java.lang.Object, java.lang.Object, java.lang.Object, java.lang.Object)'> (0x000000008af488e8) 
thrown [s\src\hotspot\share\interpreter\linkResolver.cpp, line 759]
Event: 1.037 Thread 0x000001fb8eff49d0 Exception <a 'java/lang/IncompatibleClassChangeError'{0x000000008af4c6e0}: Found class java.lang.Object, but interface was expected> (0x000000008af4c6e0) 
thrown [s\src\hotspot\share\interpreter\linkResolver.cpp, line 826]
Event: 1.157 Thread 0x000001fb8eff49d0 Exception <a 'java/lang/IncompatibleClassChangeError'{0x000000008ab7ad68}: Found class java.lang.Object, but interface was expected> (0x000000008ab7ad68) 
thrown [s\src\hotspot\share\interpreter\linkResolver.cpp, line 826]
Event: 1.166 Thread 0x000001fb8eff49d0 Exception <a 'sun/nio/fs/WindowsException'{0x000000008abc5c48}> (0x000000008abc5c48) 
thrown [s\src\hotspot\share\prims\jni.cpp, line 516]
Event: 1.222 Thread 0x000001fb8eff49d0 Exception <a 'java/lang/NoSuchMethodError'{0x000000008a9ae208}: 'java.lang.Object java.lang.invoke.DirectMethodHandle$Holder.invokeSpecial(java.lang.Object, java.lang.Object, java.lang.Object, java.lang.Object, java.lang.Object, java.lang.Object, int)'> (0x000000008a9ae208) 
thrown [s\src\hotspot\share\interpreter\linkResolver.cpp, line 759]
Event: 1.231 Thread 0x000001fb8eff49d0 Exception <a 'java/lang/NoSuchMethodError'{0x000000008a9b8cc0}: 'java.lang.Object java.lang.invoke.DirectMethodHandle$Holder.newInvokeSpecial(java.lang.Object, java.lang.Object, java.lang.Object, java.lang.Object, java.lang.Object, java.lang.Object, int)'> (0x000000008a9b8cc0) 
thrown [s\src\hotspot\share\interpreter\linkResolver.cpp, line 759]
Event: 1.232 Thread 0x000001fb8eff49d0 Exception <a 'java/lang/NoSuchMethodError'{0x000000008a9be250}: 'java.lang.Object java.lang.invoke.DirectMethodHandle$Holder.invokeSpecial(java.lang.Object, java.lang.Object, java.lang.Object, java.lang.Object, java.lang.Object, java.lang.Object, java.lang.Object, int)'> (0x000000008a9be250) 
thrown [s\src\hotspot\share\interpreter\linkResolver.cpp, line 759]
Event: 1.290 Thread 0x000001fb8eff49d0 Implicit null exception at 0x000001fb9e680fed to 0x000001fb9e684ea4
Event: 1.296 Thread 0x000001fb8eff49d0 Exception <a 'java/lang/NoSuchMethodError'{0x000000008a513480}: 'void java.lang.invoke.DirectMethodHandle$Holder.invokeStatic(java.lang.Object, java.lang.Object, java.lang.Object, java.lang.Object, java.lang.Object, java.lang.Object)'> (0x000000008a513480) 
thrown [s\src\hotspot\share\interpreter\linkResolver.cpp, line 759]
Event: 1.362 Thread 0x000001fb8eff49d0 Exception <a 'java/lang/NoSuchMethodError'{0x000000008a5fcfc0}: 'java.lang.Object java.lang.invoke.DirectMethodHandle$Holder.invokeSpecial(java.lang.Object, java.lang.Object, java.lang.Object, int, java.lang.Object)'> (0x000000008a5fcfc0) 
thrown [s\src\hotspot\share\interpreter\linkResolver.cpp, line 759]
Event: 1.363 Thread 0x000001fb8eff49d0 Exception <a 'java/lang/NoSuchMethodError'{0x000000008a406038}: 'java.lang.Object java.lang.invoke.DirectMethodHandle$Holder.newInvokeSpecial(java.lang.Object, java.lang.Object, java.lang.Object, int, java.lang.Object)'> (0x000000008a406038) 
thrown [s\src\hotspot\share\interpreter\linkResolver.cpp, line 759]
Event: 1.363 Thread 0x000001fb8eff49d0 Exception <a 'java/lang/NoSuchMethodError'{0x000000008a40df58}: 'java.lang.Object java.lang.invoke.Invokers$Holder.linkToTargetMethod(java.lang.Object, java.lang.Object, int, java.lang.Object, java.lang.Object)'> (0x000000008a40df58) 
thrown [s\src\hotspot\share\interpreter\linkResolver.cpp, line 759]
Event: 1.366 Thread 0x000001fb8eff49d0 Exception <a 'java/lang/NoSuchMethodError'{0x000000008a41da60}: 'java.lang.Object java.lang.invoke.DirectMethodHandle$Holder.newInvokeSpecial(java.lang.Object, int, java.lang.Object)'> (0x000000008a41da60) 
thrown [s\src\hotspot\share\interpreter\linkResolver.cpp, line 759]
Event: 1.586 Thread 0x000001fb8eff49d0 Exception <a 'java/lang/NoSuchMethodError'{0x000000008a0e8ab0}: 'void java.lang.invoke.DelegatingMethodHandle$Holder.delegate(java.lang.Object, java.lang.Object, int, java.lang.Object)'> (0x000000008a0e8ab0) 
thrown [s\src\hotspot\share\interpreter\linkResolver.cpp, line 759]
Event: 1.635 Thread 0x000001fb8eff49d0 Exception <a 'java/lang/NoSuchMethodError'{0x0000000089e72e20}: 'void java.lang.invoke.DirectMethodHandle$Holder.invokeStatic(java.lang.Object, java.lang.Object, int)'> (0x0000000089e72e20) 
thrown [s\src\hotspot\share\interpreter\linkResolver.cpp, line 759]
Event: 1.640 Thread 0x000001fb8eff49d0 Exception <a 'java/lang/IncompatibleClassChangeError'{0x0000000089c2fd90}: Found class java.lang.Object, but interface was expected> (0x0000000089c2fd90) 
thrown [s\src\hotspot\share\interpreter\linkResolver.cpp, line 826]
Event: 1.867 Thread 0x000001fb8eff49d0 Exception <a 'java/lang/IncompatibleClassChangeError'{0x0000000088dce830}: Found class java.lang.Object, but interface was expected> (0x0000000088dce830) 
thrown [s\src\hotspot\share\interpreter\linkResolver.cpp, line 826]

VM Operations (20 events):
Event: 0.587 Executing VM operation: HandshakeAllThreads
Event: 0.587 Executing VM operation: HandshakeAllThreads done
Event: 0.665 Executing VM operation: HandshakeAllThreads
Event: 0.665 Executing VM operation: HandshakeAllThreads done
Event: 0.723 Executing VM operation: HandshakeAllThreads
Event: 0.723 Executing VM operation: HandshakeAllThreads done
Event: 0.769 Executing VM operation: G1CollectForAllocation
Event: 0.772 Executing VM operation: G1CollectForAllocation done
Event: 1.041 Executing VM operation: HandshakeAllThreads
Event: 1.041 Executing VM operation: HandshakeAllThreads done
Event: 1.326 Executing VM operation: HandshakeAllThreads
Event: 1.326 Executing VM operation: HandshakeAllThreads done
Event: 1.374 Executing VM operation: ICBufferFull
Event: 1.374 Executing VM operation: ICBufferFull done
Event: 1.431 Executing VM operation: HandshakeAllThreads
Event: 1.431 Executing VM operation: HandshakeAllThreads done
Event: 1.584 Executing VM operation: HandshakeAllThreads
Event: 1.585 Executing VM operation: HandshakeAllThreads done
Event: 1.769 Executing VM operation: ICBufferFull
Event: 1.770 Executing VM operation: ICBufferFull done

Events (20 events):
Event: 1.876 loading class java/lang/reflect/AnnotatedParameterizedType
Event: 1.876 loading class java/lang/reflect/AnnotatedParameterizedType done
Event: 1.876 loading class java/lang/reflect/AnnotatedArrayType
Event: 1.876 loading class java/lang/reflect/AnnotatedArrayType done
Event: 1.883 loading class java/util/concurrent/CompletableFuture
Event: 1.884 loading class java/util/concurrent/CompletionStage
Event: 1.884 loading class java/util/concurrent/CompletionStage done
Event: 1.884 loading class java/util/concurrent/CompletableFuture done
Event: 1.884 loading class java/lang/ProcessHandle$Info
Event: 1.884 loading class java/lang/ProcessHandle$Info done
Event: 1.885 loading class jdk/internal/vm/annotation/IntrinsicCandidate
Event: 1.885 loading class jdk/internal/vm/annotation/IntrinsicCandidate done
Event: 1.887 loading class sun/reflect/annotation/AnnotatedTypeFactory$AnnotatedParameterizedTypeImpl
Event: 1.888 loading class sun/reflect/annotation/AnnotatedTypeFactory$AnnotatedParameterizedTypeImpl done
Event: 1.888 loading class sun/reflect/annotation/AnnotatedTypeFactory$AnnotatedWildcardTypeImpl
Event: 1.889 loading class java/lang/reflect/AnnotatedWildcardType
Event: 1.889 loading class java/lang/reflect/AnnotatedWildcardType done
Event: 1.889 loading class sun/reflect/annotation/AnnotatedTypeFactory$AnnotatedWildcardTypeImpl done
Event: 1.889 loading class sun/reflect/misc/ReflectUtil
Event: 1.889 loading class sun/reflect/misc/ReflectUtil done


Dynamic libraries:
0x00007ff729790000 - 0x00007ff72979e000 	C:\Program Files\Java\jdk-17.0.8\bin\java.exe
0x00007ff876e10000 - 0x00007ff877027000 	C:\WINDOWS\SYSTEM32\ntdll.dll
0x00007ff8768f0000 - 0x00007ff8769b4000 	C:\WINDOWS\System32\KERNEL32.DLL
0x00007ff874510000 - 0x00007ff8748b6000 	C:\WINDOWS\System32\KERNELBASE.dll
0x00007ff874370000 - 0x00007ff874481000 	C:\WINDOWS\System32\ucrtbase.dll
0x00007ff866240000 - 0x00007ff866257000 	C:\Program Files\Java\jdk-17.0.8\bin\jli.dll
0x00007ff86c9a0000 - 0x00007ff86c9bb000 	C:\Program Files\Java\jdk-17.0.8\bin\VCRUNTIME140.dll
0x00007ff874c70000 - 0x00007ff874e1d000 	C:\WINDOWS\System32\USER32.dll
0x00007ff8748c0000 - 0x00007ff8748e6000 	C:\WINDOWS\System32\win32u.dll
0x00007ff857960000 - 0x00007ff857bf3000 	C:\WINDOWS\WinSxS\amd64_microsoft.windows.common-controls_6595b64144ccf1df_6.0.22621.2361_none_2712ced57382f843\COMCTL32.dll
0x00007ff874e20000 - 0x00007ff874e49000 	C:\WINDOWS\System32\GDI32.dll
0x00007ff8769c0000 - 0x00007ff876a67000 	C:\WINDOWS\System32\msvcrt.dll
0x00007ff874990000 - 0x00007ff874aa8000 	C:\WINDOWS\System32\gdi32full.dll
0x00007ff8748f0000 - 0x00007ff87498a000 	C:\WINDOWS\System32\msvcp_win.dll
0x00007ff876000000 - 0x00007ff876031000 	C:\WINDOWS\System32\IMM32.DLL
0x00007ff86c990000 - 0x00007ff86c99c000 	C:\Program Files\Java\jdk-17.0.8\bin\vcruntime140_1.dll
0x00007ff849df0000 - 0x00007ff849e7d000 	C:\Program Files\Java\jdk-17.0.8\bin\msvcp140.dll
0x00007ff8042a0000 - 0x00007ff804f05000 	C:\Program Files\Java\jdk-17.0.8\bin\server\jvm.dll
0x00007ff875f50000 - 0x00007ff876000000 	C:\WINDOWS\System32\ADVAPI32.dll
0x00007ff875020000 - 0x00007ff8750c6000 	C:\WINDOWS\System32\sechost.dll
0x00007ff8751d0000 - 0x00007ff8752e7000 	C:\WINDOWS\System32\RPCRT4.dll
0x00007ff874060000 - 0x00007ff8740ad000 	C:\WINDOWS\SYSTEM32\POWRPROF.dll
0x00007ff86c9c0000 - 0x00007ff86c9c9000 	C:\WINDOWS\SYSTEM32\WSOCK32.dll
0x00007ff875eb0000 - 0x00007ff875f21000 	C:\WINDOWS\System32\WS2_32.dll
0x00007ff866930000 - 0x00007ff866964000 	C:\WINDOWS\SYSTEM32\WINMM.dll
0x00007ff866340000 - 0x00007ff86634a000 	C:\WINDOWS\SYSTEM32\VERSION.dll
0x00007ff873f90000 - 0x00007ff873fa3000 	C:\WINDOWS\SYSTEM32\UMPDC.dll
0x00007ff8731d0000 - 0x00007ff8731e8000 	C:\WINDOWS\SYSTEM32\kernel.appcore.dll
0x00007ff86c910000 - 0x00007ff86c91a000 	C:\Program Files\Java\jdk-17.0.8\bin\jimage.dll
0x00007ff872780000 - 0x00007ff8729ae000 	C:\WINDOWS\SYSTEM32\DBGHELP.DLL
0x00007ff8764d0000 - 0x00007ff87685a000 	C:\WINDOWS\System32\combase.dll
0x00007ff8752f0000 - 0x00007ff8753c7000 	C:\WINDOWS\System32\OLEAUT32.dll
0x00007ff84db00000 - 0x00007ff84db32000 	C:\WINDOWS\SYSTEM32\dbgcore.DLL
0x00007ff874490000 - 0x00007ff87450a000 	C:\WINDOWS\System32\bcryptPrimitives.dll
0x00007ff86c920000 - 0x00007ff86c945000 	C:\Program Files\Java\jdk-17.0.8\bin\java.dll
0x00007ff849e80000 - 0x00007ff849f57000 	C:\Program Files\Java\jdk-17.0.8\bin\jsvml.dll
0x00007ff875590000 - 0x00007ff875de8000 	C:\WINDOWS\System32\SHELL32.dll
0x00007ff871dc0000 - 0x00007ff8726b2000 	C:\WINDOWS\SYSTEM32\windows.storage.dll
0x00007ff871c80000 - 0x00007ff871dbe000 	C:\WINDOWS\SYSTEM32\wintypes.dll
0x00007ff874f20000 - 0x00007ff875013000 	C:\WINDOWS\System32\SHCORE.dll
0x00007ff875e50000 - 0x00007ff875eae000 	C:\WINDOWS\System32\shlwapi.dll
0x00007ff8740c0000 - 0x00007ff8740e6000 	C:\WINDOWS\SYSTEM32\profapi.dll
0x00007ff86c8f0000 - 0x00007ff86c909000 	C:\Program Files\Java\jdk-17.0.8\bin\net.dll
0x00007ff869320000 - 0x00007ff869457000 	C:\WINDOWS\SYSTEM32\WINHTTP.dll
0x00007ff873650000 - 0x00007ff8736b9000 	C:\WINDOWS\system32\mswsock.dll
0x00007ff86c8d0000 - 0x00007ff86c8e6000 	C:\Program Files\Java\jdk-17.0.8\bin\nio.dll
0x00007ff86c8b0000 - 0x00007ff86c8c8000 	C:\Program Files\Java\jdk-17.0.8\bin\zip.dll
0x00007ff86c890000 - 0x00007ff86c899000 	C:\Program Files\Java\jdk-17.0.8\bin\management.dll
0x00007ff869a20000 - 0x00007ff869a2b000 	C:\Program Files\Java\jdk-17.0.8\bin\management_ext.dll
0x00007ff876d60000 - 0x00007ff876d68000 	C:\WINDOWS\System32\PSAPI.DLL
0x00007ff86c8a0000 - 0x00007ff86c8b0000 	C:\Program Files\Java\jdk-17.0.8\bin\verify.dll

dbghelp: loaded successfully - version: 4.0.5 - missing functions: none
symbol engine: initialized successfully - sym options: 0x614 - pdb path: .;C:\Program Files\Java\jdk-17.0.8\bin;C:\WINDOWS\SYSTEM32;C:\WINDOWS\WinSxS\amd64_microsoft.windows.common-controls_6595b64144ccf1df_6.0.22621.2361_none_2712ced57382f843;C:\Program Files\Java\jdk-17.0.8\bin\server

VM Arguments:
jvm_args: -Dfile.encoding=UTF-8 
java_command: C:\Users\Usuario\AppData\Local\Temp\surefire1386644544663561595\surefirebooter11494124010578278805.jar C:\Users\Usuario\AppData\Local\Temp\surefire1386644544663561595 2023-10-21T19-59-38_911-jvmRun1 surefire17328904609791536174tmp surefire_01622208209292268161tmp
java_class_path (initial): C:\Users\Usuario\AppData\Local\Temp\surefire1386644544663561595\surefirebooter11494124010578278805.jar
Launcher Type: SUN_STANDARD

[Global flags]
     intx CICompilerCount                          = 3                                         {product} {ergonomic}
     uint ConcGCThreads                            = 1                                         {product} {ergonomic}
     uint G1ConcRefinementThreads                  = 4                                         {product} {ergonomic}
   size_t G1HeapRegionSize                         = 1048576                                   {product} {ergonomic}
    uintx GCDrainStackTargetSize                   = 64                                        {product} {ergonomic}
   size_t InitialHeapSize                          = 132120576                                 {product} {ergonomic}
   size_t MarkStackSize                            = 4194304                                   {product} {ergonomic}
   size_t MaxHeapSize                              = 2084569088                                {product} {ergonomic}
   size_t MaxNewSize                               = 1249902592                                {product} {ergonomic}
   size_t MinHeapDeltaBytes                        = 1048576                                   {product} {ergonomic}
   size_t MinHeapSize                              = 8388608                                   {product} {ergonomic}
    uintx NonNMethodCodeHeapSize                   = 5832780                                {pd product} {ergonomic}
    uintx NonProfiledCodeHeapSize                  = 122912730                              {pd product} {ergonomic}
    uintx ProfiledCodeHeapSize                     = 122912730                              {pd product} {ergonomic}
    uintx ReservedCodeCacheSize                    = 251658240                              {pd product} {ergonomic}
     bool SegmentedCodeCache                       = true                                      {product} {ergonomic}
   size_t SoftMaxHeapSize                          = 2084569088                             {manageable} {ergonomic}
     bool UseCompressedClassPointers               = true                           {product lp64_product} {ergonomic}
     bool UseCompressedOops                        = true                           {product lp64_product} {ergonomic}
     bool UseG1GC                                  = true                                      {product} {ergonomic}
     bool UseLargePagesIndividualAllocation        = false                                  {pd product} {ergonomic}

Logging:
Log output configuration:
 #0: stdout all=warning uptime,level,tags
 #1: stderr all=off uptime,level,tags

Environment Variables:
JAVA_HOME=C:\Program Files\Java\jdk-17.0.8
PATH=C:\WINDOWS\system32;C:\WINDOWS;C:\WINDOWS\System32\Wbem;C:\WINDOWS\System32\WindowsPowerShell\v1.0\;C:\WINDOWS\System32\OpenSSH\;C:\ProgramData\chocolatey\bin;C:\Program Files\nodejs\;E:\server\Tomcat\apache-tomcat-10.1.7\bin;C:\server\MySQL\bin;C:\Program Files\Microsoft\jdk-17.0.8.7-hotspot\bin;C:\Program Files (x86)\Git\cmd;C:\Program Files\PuTTY\;C:\Users\Usuario\AppData\Local\Microsoft\WindowsApps;C:\Users\Usuario\AppData\Roaming\npm;C:\Users\Usuario\AppData\Local\Programs\Microsoft VS Code\bin;
USERNAME=Alcides
OS=Windows_NT
PROCESSOR_IDENTIFIER=Intel64 Family 6 Model 140 Stepping 1, GenuineIntel
TMP=C:\Users\Usuario\AppData\Local\Temp
TEMP=C:\Users\Usuario\AppData\Local\Temp



---------------  S Y S T E M  ---------------

OS:
 Windows 11 , 64 bit Build 22621 (10.0.22621.2428)
OS uptime: 0 days 3:48 hours

CPU: total 4 (initial active 4) (2 cores per cpu, 2 threads per core) family 6 model 140 stepping 1 microcode 0xac, cx8, cmov, fxsr, ht, mmx, 3dnowpref, sse, sse2, sse3, ssse3, sse4.1, sse4.2, popcnt, lzcnt, tsc, tscinvbit, avx, avx2, aes, erms, clmul, bmi1, bmi2, adx, avx512f, avx512dq, avx512cd, avx512bw, avx512vl, sha, fma, vzeroupper, avx512_vpopcntdq, avx512_vpclmulqdq, avx512_vaes, avx512_vnni, clflush, clflushopt, clwb, avx512_vbmi2, avx512_vbmi
Processor Information for all 4 processors :
  Max Mhz: 2995, Current Mhz: 2995, Mhz Limit: 2995

Memory: 4k page, system-wide physical 7948M (435M free)
TotalPageFile size 9996M (AvailPageFile size 4M)
current process WorkingSet (physical memory assigned to process): 148M, peak: 148M
current process commit charge ("private bytes"): 250M, peak: 251M

vm_info: OpenJDK 64-Bit Server VM (17.0.8+7-LTS) for windows-amd64 JRE (17.0.8+7-LTS), built on Jul  7 2023 17:21:55 by "MicrosoftCorporation" with MS VC++ 16.10 / 16.11 (VS2019)

END.
